// Jest Snapshot v1, https://goo.gl/fbAQLP

exports[`Login container should render the login container 1`] = `
<div
  className="login-wrapper"
>
  <p>
    Login to continue:
  </p>
  <Button
    className=""
    onClick={[Function]}
    rest={null}
  >
    Login
  </Button>
</div>
`;
