// Jest Snapshot v1, https://goo.gl/fbAQLP

exports[`should render children - no error 1`] = `
<span>
  test children
</span>
`;

exports[`should render fallback component - with error 1`] = `
<AppError
  error={true}
  info="test info"
/>
`;
