// Jest Snapshot v1, https://goo.gl/fbAQLP

exports[`Theme Select Atom should render and match snapshot 1`] = `
<Consumer>
  <Component />
</Consumer>
`;
