// Jest Snapshot v1, https://goo.gl/fbAQLP

exports[`ImageExample Should render all ImageExample components 1`] = `
<Fragment>
  <div
    className="row"
  >
    <div
      className="col"
    >
      <h1>
        Image Atom:
      </h1>
    </div>
  </div>
  <div
    className="row"
  >
    <div
      className="col"
    >
      <p>
        Image:
      </p>
      <Image
        alt="JSNinja"
        circle={false}
        crisp={false}
        errorImage="error_image.png"
        height="100"
        lg={false}
        md={false}
        rounded={false}
        sm={false}
        src="js_ninja.png"
        xs={false}
      />
    </div>
    <div
      className="col"
    >
      <p>
        Image with error:
      </p>
      <Image
        alt="Image"
        circle={false}
        crisp={false}
        errorImage="error_image.png"
        height="100"
        lg={false}
        md={false}
        rounded={false}
        sm={false}
        src=""
        xs={false}
      />
    </div>
  </div>
  <div
    className="row"
  >
    <div
      className="col"
    >
      <p>
        ImageÂ 
        <code>
          circle height=
          45
           width=
          45
        </code>
        :
      </p>
      <Image
        alt="test"
        circle={true}
        crisp={false}
        errorImage="error_image.png"
        height={45}
        lg={false}
        md={false}
        rounded={false}
        sm={false}
        src="placeimg.jpg"
        width={45}
        xs={false}
      />
    </div>
    <div
      className="col"
    >
      <p>
        Image 
        <code>
          rounded sm
        </code>
        :
      </p>
      <Image
        alt="test"
        circle={false}
        crisp={false}
        errorImage="error_image.png"
        lg={false}
        md={false}
        rounded={true}
        sm={true}
        src="placeimg.jpg"
        xs={false}
      />
    </div>
    <div
      className="col"
    >
      <p>
        Image 
        <code>
          crisp md
        </code>
        :
      </p>
      <Image
        alt="test"
        circle={false}
        crisp={true}
        errorImage="error_image.png"
        lg={false}
        md={true}
        rounded={false}
        sm={false}
        src="placeimg.jpg"
        xs={false}
      />
    </div>
    <div
      className="row"
    >
      <div
        className="col"
      >
        <p>
          Image 
          <code>
            default lg
          </code>
          :
        </p>
        <Image
          alt="test"
          circle={false}
          crisp={false}
          errorImage="error_image.png"
          lg={true}
          md={false}
          rounded={false}
          sm={false}
          src="placeimg.jpg"
          xs={false}
        />
      </div>
      <div
        className="col"
      >
        <p>
          Image 
          <code>
            rounded responsive onClick
          </code>
          :
        </p>
        <Image
          alt="test"
          circle={false}
          className="onClick-test"
          crisp={false}
          errorImage="error_image.png"
          lg={false}
          md={false}
          responsive={true}
          rounded={true}
          sm={false}
          src="placeimg.jpg"
          xs={false}
        />
      </div>
    </div>
  </div>
</Fragment>
`;
